// Jest Snapshot v1, https://goo.gl/fbAQLP

exports[`PrimaryButton component renders correctly 1`] = `
<View
  accessibilityComponentType={undefined}
  accessibilityLabel={undefined}
  accessibilityTraits={undefined}
  accessible={true}
  collapsable={undefined}
  hitSlop={undefined}
  isTVSelectable={true}
  nativeID={undefined}
  onLayout={undefined}
  onResponderGrant={[Function]}
  onResponderMove={[Function]}
  onResponderRelease={[Function]}
  onResponderTerminate={[Function]}
  onResponderTerminationRequest={[Function]}
  onStartShouldSetResponder={[Function]}
  style={
    Object {
      "backgroundColor": "#CD143C",
      "height": 48,
      "justifyContent": "center",
      "opacity": 1,
      "paddingLeft": 20,
      "paddingRight": 20,
    }
  }
  testID={undefined}
  tvParallaxProperties={undefined}
>
  <View
    style={
      Object {
        "flexDirection": "row",
        "justifyContent": "space-between",
        "marginVertical": 8,
      }
    }
  >
    <Text
      accessible={true}
      allowFontScaling={true}
      disabled={false}
      ellipsizeMode="tail"
      style={
        Array [
          Object {
            "color": "white",
            "fontFamily": "FaraoText-Regular",
            "fontSize": 14,
            "paddingRight": 8,
            "textAlign": "center",
          },
          undefined,
        ]
      }
    >
      
    </Text>
    <Text
      accessible={true}
      allowFontScaling={false}
      disabled={false}
      ellipsizeMode="tail"
      style={
        Array [
          Object {
            "color": undefined,
            "fontSize": 12,
          },
          Array [
            Object {
              "color": "white",
              "fontSize": 16,
              "lineHeight": 14,
            },
            null,
          ],
          Object {
            "fontFamily": "Ionicons",
            "fontStyle": "normal",
            "fontWeight": "normal",
          },
        ]
      }
    >
      Ôèë
    </Text>
  </View>
</View>
`;
