// Jest Snapshot v1, https://goo.gl/fbAQLP

exports[`BurgerButton component renders correctly 1`] = `
<View
  accessibilityComponentType={undefined}
  accessibilityLabel="menu"
  accessibilityTraits={undefined}
  accessible={true}
  collapsable={undefined}
  hasTVPreferredFocus={undefined}
  hitSlop={undefined}
  isTVSelectable={true}
  nativeID={undefined}
  onLayout={undefined}
  onResponderGrant={[Function]}
  onResponderMove={[Function]}
  onResponderRelease={[Function]}
  onResponderTerminate={[Function]}
  onResponderTerminationRequest={[Function]}
  onStartShouldSetResponder={[Function]}
  style={
    Object {
      "opacity": 1,
      "position": "absolute",
      "right": 10,
      "top": 10,
    }
  }
  testID={undefined}
  tvParallaxProperties={undefined}
>
  <Text
    accessible={true}
    allowFontScaling={false}
    ellipsizeMode="tail"
    style={
      Array [
        Object {
          "color": undefined,
          "fontSize": 12,
        },
        Array [
          Object {
            "fontSize": 32,
            "padding": 10,
          },
          Object {
            "color": "black",
          },
        ],
        Object {
          "fontFamily": "Ionicons",
          "fontStyle": "normal",
          "fontWeight": "normal",
        },
      ]
    }
  >
    ï‡ƒ
  </Text>
</View>
`;
