// Jest Snapshot v1, https://goo.gl/fbAQLP

exports[`Checkbox component renders correctly 1`] = `
<View
  style={
    Object {
      "alignItems": "center",
      "alignSelf": "stretch",
      "borderColor": "#333333",
      "borderRadius": 4,
      "borderWidth": 0.5,
      "flexDirection": "row",
      "justifyContent": "center",
      "marginHorizontal": 20,
      "marginVertical": 10,
      "paddingHorizontal": 10,
      "paddingVertical": 10,
    }
  }
>
  <Text
    accessible={true}
    allowFontScaling={true}
    ellipsizeMode="tail"
    style={
      Object {
        "color": "black",
        "fontFamily": "Raleway-Bold",
        "fontSize": 14,
        "paddingRight": 10,
        "textAlign": "center",
      }
    }
  >
    
  </Text>
  <RCTSwitch
    disabled={false}
    onChange={[Function]}
    onResponderTerminationRequest={[Function]}
    onStartShouldSetResponder={[Function]}
    onValueChange={[Function]}
    style={
      Array [
        Object {
          "height": 31,
          "width": 51,
        },
        undefined,
      ]
    }
    value={false}
  />
</View>
`;
